SQL> SELECT * FROM BOOKINGS;

Mon Nov 21                                                                                 page    1
                                ______HOTEL_MANAGEMENT_SYSTEM______

   BOOK_ID        HID     ROOMNO BOOK_DATE      PRICE                                               
---------- ---------- ---------- --------- ----------                                               
      2567       1521        606 28-SEP-16       3000                                               
      1121       1278        202 25-AUG-15       6000                                               
      1483       1269        303 29-APR-16       6500                                               
      1628       1278        102 06-JAN-12       2500                                               
      2580       2611        404 18-SEP-16       4000                                               
      2818       1269        105 09-NOV-13       1500                                               
      1218       6969        505 16-NOV-14       6000                                               




































                                       ______BOOKINGSDB______

7 rows selected.

SQL> SPOOL OFF
